Archive member included because of file (symbol)

c:/program files (x86)/atmel/atmel toolchain/avr8 gcc/native/3.4.1056/avr8-gnu-toolchain/bin/../lib/gcc/avr/4.8.1/../../../../avr/lib/avr51\libm.a(acos.o)
                              propagator.o (acos)
c:/program files (x86)/atmel/atmel toolchain/avr8 gcc/native/3.4.1056/avr8-gnu-toolchain/bin/../lib/gcc/avr/4.8.1/../../../../avr/lib/avr51\libm.a(addsf3.o)
                              controller.o (__subsf3)
c:/program files (x86)/atmel/atmel toolchain/avr8 gcc/native/3.4.1056/avr8-gnu-toolchain/bin/../lib/gcc/avr/4.8.1/../../../../avr/lib/avr51\libm.a(addsf3x.o)
                              c:/program files (x86)/atmel/atmel toolchain/avr8 gcc/native/3.4.1056/avr8-gnu-toolchain/bin/../lib/gcc/avr/4.8.1/../../../../avr/lib/avr51\libm.a(acos.o) (__addsf3x)
c:/program files (x86)/atmel/atmel toolchain/avr8 gcc/native/3.4.1056/avr8-gnu-toolchain/bin/../lib/gcc/avr/4.8.1/../../../../avr/lib/avr51\libm.a(asin.o)
                              propagator.o (asin)
c:/program files (x86)/atmel/atmel toolchain/avr8 gcc/native/3.4.1056/avr8-gnu-toolchain/bin/../lib/gcc/avr/4.8.1/../../../../avr/lib/avr51\libm.a(atan2.o)
                              frame.o (atan2)
c:/program files (x86)/atmel/atmel toolchain/avr8 gcc/native/3.4.1056/avr8-gnu-toolchain/bin/../lib/gcc/avr/4.8.1/../../../../avr/lib/avr51\libm.a(atan.o)
                              c:/program files (x86)/atmel/atmel toolchain/avr8 gcc/native/3.4.1056/avr8-gnu-toolchain/bin/../lib/gcc/avr/4.8.1/../../../../avr/lib/avr51\libm.a(atan2.o) (atan)
c:/program files (x86)/atmel/atmel toolchain/avr8 gcc/native/3.4.1056/avr8-gnu-toolchain/bin/../lib/gcc/avr/4.8.1/../../../../avr/lib/avr51\libm.a(cmpsf2.o)
                              controller.o (__eqsf2)
c:/program files (x86)/atmel/atmel toolchain/avr8 gcc/native/3.4.1056/avr8-gnu-toolchain/bin/../lib/gcc/avr/4.8.1/../../../../avr/lib/avr51\libm.a(cos.o)
                              frame.o (cos)
c:/program files (x86)/atmel/atmel toolchain/avr8 gcc/native/3.4.1056/avr8-gnu-toolchain/bin/../lib/gcc/avr/4.8.1/../../../../avr/lib/avr51\libm.a(divsf3.o)
                              controller.o (__divsf3)
c:/program files (x86)/atmel/atmel toolchain/avr8 gcc/native/3.4.1056/avr8-gnu-toolchain/bin/../lib/gcc/avr/4.8.1/../../../../avr/lib/avr51\libm.a(divsf3x.o)
                              c:/program files (x86)/atmel/atmel toolchain/avr8 gcc/native/3.4.1056/avr8-gnu-toolchain/bin/../lib/gcc/avr/4.8.1/../../../../avr/lib/avr51\libm.a(divsf3.o) (__divsf3x)
c:/program files (x86)/atmel/atmel toolchain/avr8 gcc/native/3.4.1056/avr8-gnu-toolchain/bin/../lib/gcc/avr/4.8.1/../../../../avr/lib/avr51\libm.a(fixsfsi.o)
                              controller.o (__fixsfsi)
c:/program files (x86)/atmel/atmel toolchain/avr8 gcc/native/3.4.1056/avr8-gnu-toolchain/bin/../lib/gcc/avr/4.8.1/../../../../avr/lib/avr51\libm.a(fixunssfsi.o)
                              controller.o (__fixunssfsi)
c:/program files (x86)/atmel/atmel toolchain/avr8 gcc/native/3.4.1056/avr8-gnu-toolchain/bin/../lib/gcc/avr/4.8.1/../../../../avr/lib/avr51\libm.a(floatsisf.o)
                              controller.o (__floatunsisf)
c:/program files (x86)/atmel/atmel toolchain/avr8 gcc/native/3.4.1056/avr8-gnu-toolchain/bin/../lib/gcc/avr/4.8.1/../../../../avr/lib/avr51\libm.a(floatundisf.o)
                              frame.o (__floatundisf)
c:/program files (x86)/atmel/atmel toolchain/avr8 gcc/native/3.4.1056/avr8-gnu-toolchain/bin/../lib/gcc/avr/4.8.1/../../../../avr/lib/avr51\libm.a(fp_arccos.o)
                              c:/program files (x86)/atmel/atmel toolchain/avr8 gcc/native/3.4.1056/avr8-gnu-toolchain/bin/../lib/gcc/avr/4.8.1/../../../../avr/lib/avr51\libm.a(acos.o) (__fp_arccos)
c:/program files (x86)/atmel/atmel toolchain/avr8 gcc/native/3.4.1056/avr8-gnu-toolchain/bin/../lib/gcc/avr/4.8.1/../../../../avr/lib/avr51\libm.a(fp_cmp.o)
                              c:/program files (x86)/atmel/atmel toolchain/avr8 gcc/native/3.4.1056/avr8-gnu-toolchain/bin/../lib/gcc/avr/4.8.1/../../../../avr/lib/avr51\libm.a(cmpsf2.o) (__fp_cmp)
c:/program files (x86)/atmel/atmel toolchain/avr8 gcc/native/3.4.1056/avr8-gnu-toolchain/bin/../lib/gcc/avr/4.8.1/../../../../avr/lib/avr51\libm.a(fp_inf.o)
                              c:/program files (x86)/atmel/atmel toolchain/avr8 gcc/native/3.4.1056/avr8-gnu-toolchain/bin/../lib/gcc/avr/4.8.1/../../../../avr/lib/avr51\libm.a(addsf3x.o) (__fp_inf)
c:/program files (x86)/atmel/atmel toolchain/avr8 gcc/native/3.4.1056/avr8-gnu-toolchain/bin/../lib/gcc/avr/4.8.1/../../../../avr/lib/avr51\libm.a(fp_nan.o)
                              c:/program files (x86)/atmel/atmel toolchain/avr8 gcc/native/3.4.1056/avr8-gnu-toolchain/bin/../lib/gcc/avr/4.8.1/../../../../avr/lib/avr51\libm.a(addsf3x.o) (__fp_nan)
[...]
Memory Configuration

Name             Origin             Length             Attributes
text             0x00000000         0x00020000         xr
data             0x00800100         0x0000ff00         rw !x
eeprom           0x00810000         0x00010000         rw !x
fuse             0x00820000         0x00000400         rw !x
lock             0x00830000         0x00000400         rw !x
signature        0x00840000         0x00000400         rw !x
user_signatures  0x00850000         0x00000400         rw !x
*default*        0x00000000         0xffffffff

Linker script and memory map

Address of section .data set to 0x800100
LOAD c:/program files (x86)/atmel/atmel toolchain/avr8 gcc/native/3.4.1056/avr8-gnu-toolchain/bin/../lib/gcc/avr/4.8.1/../../../../avr/lib/avr51/crtm128.o
LOAD controller.o
LOAD frame.o
LOAD gps.o
LOAD hm.o
LOAD igrf.o
LOAD mag.o
LOAD master.o
LOAD mathutil.o
LOAD peripherals.o
LOAD propagator.o
LOAD quest.o
LOAD spi.o
LOAD sun.o
LOAD timer.o
LOAD twi.o
LOAD uart.o
START GROUP
LOAD c:/program files (x86)/atmel/atmel toolchain/avr8 gcc/native/3.4.1056/avr8-gnu-toolchain/bin/../lib/gcc/avr/4.8.1/../../../../avr/lib/avr51\libm.a
END GROUP
START GROUP
LOAD c:/program files (x86)/atmel/atmel toolchain/avr8 gcc/native/3.4.1056/avr8-gnu-toolchain/bin/../lib/gcc/avr/4.8.1/avr51\libgcc.a
LOAD c:/program files (x86)/atmel/atmel toolchain/avr8 gcc/native/3.4.1056/avr8-gnu-toolchain/bin/../lib/gcc/avr/4.8.1/../../../../avr/lib/avr51\libm.a
LOAD c:/program files (x86)/atmel/atmel toolchain/avr8 gcc/native/3.4.1056/avr8-gnu-toolchain/bin/../lib/gcc/avr/4.8.1/../../../../avr/lib/avr51\libc.a
END GROUP

.hash
 *(.hash)

.dynsym
 *(.dynsym)

.dynstr
 *(.dynstr)

.gnu.version
 *(.gnu.version)

.gnu.version_d
 *(.gnu.version_d)

.gnu.version_r
 *(.gnu.version_r)

.rel.init
 *(.rel.init)

.rela.init
 *(.rela.init)

.rel.text
 *(.rel.text)
 *(.rel.text.*)
 *(.rel.gnu.linkonce.t*)

.rela.text
 *(.rela.text)
 *(.rela.text.*)
 *(.rela.gnu.linkonce.t*)

.rel.fini
 *(.rel.fini)

.rela.fini
 *(.rela.fini)

.rel.rodata
 *(.rel.rodata)
 *(.rel.rodata.*)
 *(.rel.gnu.linkonce.r*)

.rela.rodata
 *(.rela.rodata)
 *(.rela.rodata.*)
 *(.rela.gnu.linkonce.r*)

.rel.data
 *(.rel.data)
 *(.rel.data.*)
 *(.rel.gnu.linkonce.d*)

.rela.data
 *(.rela.data)
 *(.rela.data.*)
 *(.rela.gnu.linkonce.d*)

.rel.ctors
 *(.rel.ctors)

.rela.ctors
 *(.rela.ctors)

.rel.dtors
 *(.rel.dtors)

.rela.dtors
 *(.rela.dtors)

.rel.got
 *(.rel.got)

.rela.got
 *(.rela.got)

.rel.bss
 *(.rel.bss)

.rela.bss
 *(.rela.bss)

.rel.plt
 *(.rel.plt)

.rela.plt
 *(.rela.plt)

.text           0x00000000     0x543a
 *(.vectors)
 .vectors       0x00000000       0x8c c:/program files (x86)/atmel/atmel toolchain/avr8 gcc/native/3.4.1056/avr8-gnu-toolchain/bin/../lib/gcc/avr/4.8.1/../../../../avr/lib/avr51/crtm128.o
                0x00000000                __vector_default
                0x00000000                __vectors
 *(.vectors)
 *(.progmem.gcc*)
 .progmem.gcc_fplib
                0x0000008c       0x14 c:/program files (x86)/atmel/atmel toolchain/avr8 gcc/native/3.4.1056/avr8-gnu-toolchain/bin/../lib/gcc/avr/4.8.1/../../../../avr/lib/avr51\libm.a(asin.o)
 .progmem.gcc_fplib
                0x000000a0       0x2d c:/program files (x86)/atmel/atmel toolchain/avr8 gcc/native/3.4.1056/avr8-gnu-toolchain/bin/../lib/gcc/avr/4.8.1/../../../../avr/lib/avr51\libm.a(atan.o)
 .progmem.gcc_fplib
                0x000000cd       0x28 c:/program files (x86)/atmel/atmel toolchain/avr8 gcc/native/3.4.1056/avr8-gnu-toolchain/bin/../lib/gcc/avr/4.8.1/../../../../avr/lib/avr51\libm.a(fp_arccos.o)
 .progmem.gcc_fplib
                0x000000f5       0x1e c:/program files (x86)/atmel/atmel toolchain/avr8 gcc/native/3.4.1056/avr8-gnu-toolchain/bin/../lib/gcc/avr/4.8.1/../../../../avr/lib/avr51\libm.a(fp_sinus.o)
 .progmem.gcc_fplib
                0x00000113       0x28 c:/program files (x86)/atmel/atmel toolchain/avr8 gcc/native/3.4.1056/avr8-gnu-toolchain/bin/../lib/gcc/avr/4.8.1/../../../../avr/lib/avr51\libm.a(exp.o)
 .progmem.gcc_fplib
                0x0000013b       0x5a c:/program files (x86)/atmel/atmel toolchain/avr8 gcc/native/3.4.1056/avr8-gnu-toolchain/bin/../lib/gcc/avr/4.8.1/../../../../avr/lib/avr51\libm.a(log.o)
                0x00000196                . = ALIGN (0x2)
 *fill*         0x00000195        0x1 
                0x00000196                __trampolines_start = .
 *(.trampolines)
 .trampolines   0x00000196        0x0 linker stubs
 *(.trampolines*)
                0x00000196                __trampolines_end = .
 *(.progmem*)
 .progmem.data.dgh
                0x00000196      0x310 igrf.o
 .progmem.data.agh
                0x000004a6      0x310 igrf.o
                0x000007b6                . = ALIGN (0x2)
 *(.jumptables)
 *(.jumptables*)
 *(.lowtext)
 *(.lowtext*)
                0x000007b6                __ctors_start = .
 *(.ctors)
                0x000007b6                __ctors_end = .
                0x000007b6                __dtors_start = .
 *(.dtors)
                0x000007b6                __dtors_end = .
 SORT(*)(.ctors)
 SORT(*)(.dtors)
 *(.init0)
 .init0         0x000007b6        0x0 c:/program files (x86)/atmel/atmel toolchain/avr8 gcc/native/3.4.1056/avr8-gnu-toolchain/bin/../lib/gcc/avr/4.8.1/../../../../avr/lib/avr51/crtm128.o
                0x000007b6                __init
 *(.init0)
 *(.init1)
 *(.init1)
 *(.init2)
 .init2         0x000007b6        0xc c:/program files (x86)/atmel/atmel toolchain/avr8 gcc/native/3.4.1056/avr8-gnu-toolchain/bin/../lib/gcc/avr/4.8.1/../../../../avr/lib/avr51/crtm128.o
 *(.init2)
 *(.init3)
 *(.init3)
 *(.init4)
 .init4         0x000007c2       0x1a c:/program files (x86)/atmel/atmel toolchain/avr8 gcc/native/3.4.1056/avr8-gnu-toolchain/bin/../lib/gcc/avr/4.8.1/avr51\libgcc.a(_copy_data.o)
                0x000007c2                __do_copy_data
 .init4         0x000007dc       0x10 c:/program files (x86)/atmel/atmel toolchain/avr8 gcc/native/3.4.1056/avr8-gnu-toolchain/bin/../lib/gcc/avr/4.8.1/avr51\libgcc.a(_clear_bss.o)
                0x000007dc                __do_clear_bss
 *(.init4)
 *(.init5)
 *(.init5)
 *(.init6)
 *(.init6)
 *(.init7)
 *(.init7)
 *(.init8)
 *(.init8)
 *(.init9)
 .init9         0x000007ec        0x8 c:/program files (x86)/atmel/atmel toolchain/avr8 gcc/native/3.4.1056/avr8-gnu-toolchain/bin/../lib/gcc/avr/4.8.1/../../../../avr/lib/avr51/crtm128.o
 *(.init9)
 *(.text)
 .text          0x000007f4        0x2 c:/program files (x86)/atmel/atmel toolchain/avr8 gcc/native/3.4.1056/avr8-gnu-toolchain/bin/../lib/gcc/avr/4.8.1/../../../../avr/lib/avr51/crtm128.o
                0x000007f4                __vector_22
                0x000007f4                __vector_28
                0x000007f4                __vector_1
                0x000007f4                __vector_32
                0x000007f4                __vector_34
                0x000007f4                __vector_24
                0x000007f4                __vector_12
                0x000007f4                __bad_interrupt
                0x000007f4                __vector_6
                0x000007f4                __vector_31
                0x000007f4                __vector_3
                0x000007f4                __vector_23
                0x000007f4                __vector_30
                0x000007f4                __vector_25
                0x000007f4                __vector_11
                0x000007f4                __vector_13
                0x000007f4                __vector_17
                0x000007f4                __vector_19
                0x000007f4                __vector_7
                0x000007f4                __vector_27
                0x000007f4                __vector_5
                0x000007f4                __vector_33
                0x000007f4                __vector_4
                0x000007f4                __vector_9
                0x000007f4                __vector_2
                0x000007f4                __vector_21
                0x000007f4                __vector_15
                0x000007f4                __vector_29
                0x000007f4                __vector_8
                0x000007f4                __vector_26
                0x000007f4                __vector_14
                0x000007f4                __vector_10
                0x000007f4                __vector_16
                0x000007f4                __vector_20
                0x000007f6                . = ALIGN (0x2)
 *(.text.*)
 .text.apply_torque
                0x000007f6      0x25a controller.o
                0x000007f6                apply_torque
 .text.control  0x00000a50      0x1de controller.o
                0x00000a50                control
 .text.get_seconds_since_equinox
                0x00000c2e      0x34c frame.o
                0x00000c2e                get_seconds_since_equinox
 .text.ecef2eci
                0x00000f7a      0x10e frame.o
                0x00000f7a                ecef2eci
 .text.eci2ecef
                0x00001088      0x114 frame.o
                0x00001088                eci2ecef
 .text.eci2orbit
                0x0000119c      0x164 frame.o
                0x0000119c                eci2orbit
 .text.ecef2lla
                0x00001300      0x270 frame.o
                0x00001300                ecef2lla
 .text.ned2ecef
                0x00001570      0x16a frame.o
                0x00001570                ned2ecef
 .text.init_UART_GPS
                0x000016da       0x22 gps.o
                0x000016da                init_UART_GPS
 .text.__vector_18
                0x000016fc      0x7c2 gps.o
                0x000016fc                __vector_18
 .text.igrf     0x00001ebe      0xdc6 igrf.o
                0x00001ebe                igrf
 .text.init_UART_MM
                0x00002c84       0x38 mag.o
                0x00002c84                init_UART_MM
 .text.poll_MM1
                0x00002cbc      0x160 mag.o
                0x00002cbc                poll_MM1
 .text.startup.main
                0x00002e1c       0x96 master.o
                0x00002e1c                main
 .text.copy_vector
                0x00002eb2       0x3e mathutil.o
                0x00002eb2                copy_vector
 .text.copy_quaternion
                0x00002ef0       0x1c mathutil.o
                0x00002ef0                copy_quaternion
 .text.vector_norm
                0x00002f0c       0x8e mathutil.o
                0x00002f0c                vector_norm
 .text.quaternion_norm
                0x00002f9a       0xd2 mathutil.o
                0x00002f9a                quaternion_norm
 .text.vector_dot_product
                0x0000306c       0x88 mathutil.o
                0x0000306c                vector_dot_product
 .text.add_vectors
                0x000030f4       0x52 mathutil.o
                0x000030f4                add_vectors
 .text.vector_into_matrix
                0x00003146       0xbe mathutil.o
                0x00003146                vector_into_matrix
 .text.vector_cross_product
                0x00003204      0x102 mathutil.o
                0x00003204                vector_cross_product
 .text.scalar_into_vector
                0x00003306       0x68 mathutil.o
                0x00003306                scalar_into_vector
 .text.scalar_into_quaternion
                0x0000336e       0x44 mathutil.o
                0x0000336e                scalar_into_quaternion
 .text.convert_unit_vector
                0x000033b2       0x6a mathutil.o
                0x000033b2                convert_unit_vector
 .text.convert_unit_quaternion
                0x0000341c       0x4c mathutil.o
                0x0000341c                convert_unit_quaternion
 .text.read_GPS
                0x00003468        0x4 peripherals.o
                0x00003468                read_GPS
 .text.read_SS  0x0000346c        0x4 peripherals.o
                0x0000346c                read_SS
 .text.read_MM  0x00003470        0x2 peripherals.o
                0x00003470                read_MM
 .text.copy_gps_reading
                0x00003472      0x1fc propagator.o
                0x00003472                copy_gps_reading
 .text.sgp_get_acceleration
                0x0000366e      0x1ec propagator.o
                0x0000366e                sgp_get_acceleration
 .text.sgp_orbit_propagator
                0x0000385a      0x11e propagator.o
                0x0000385a                sgp_orbit_propagator
 .text.sun_vector_estimator
                0x00003978      0x198 propagator.o
                0x00003978                sun_vector_estimator
 .text.magnetic_field_estimator
                0x00003b10       0xfe propagator.o
                0x00003b10                magnetic_field_estimator
 .text.quest    0x00003c0e      0x66c quest.o
                0x00003c0e                quest
 .text.omega_estimation
                0x0000427a      0x5ee quest.o
                0x0000427a                omega_estimation
 .text.init_SPI
                0x00004868       0x18 spi.o
                0x00004868                init_SPI
 .text.poll_SS  0x00004880       0x9c sun.o
                0x00004880                poll_SS
 .text.init_UART0
                0x0000491c       0x22 uart.o
                0x0000491c                init_UART0
 .text.transmit_UART0
                0x0000493e        0x8 uart.o
                0x0000493e                transmit_UART0
 .text.receive_UART0
                0x00004946        0x8 uart.o
                0x00004946                receive_UART0
 .text.avr-libc.fplib
                0x0000494e       0x1c c:/program files (x86)/atmel/atmel toolchain/avr8 gcc/native/3.4.1056/avr8-gnu-toolchain/bin/../lib/gcc/avr/4.8.1/../../../../avr/lib/avr51\libm.a(acos.o)
                0x0000494e                acos
 .text.avr-libc.fplib
                0x0000496a        0xa c:/program files (x86)/atmel/atmel toolchain/avr8 gcc/native/3.4.1056/avr8-gnu-toolchain/bin/../lib/gcc/avr/4.8.1/../../../../avr/lib/avr51\libm.a(addsf3.o)
                0x0000496a                __subsf3
                0x0000496c                __addsf3
 .text.avr-libc.fplib
                0x00004974       0xc0 c:/program files (x86)/atmel/atmel toolchain/avr8 gcc/native/3.4.1056/avr8-gnu-toolchain/bin/../lib/gcc/avr/4.8.1/../../../../avr/lib/avr51\libm.a(addsf3x.o)
                0x0000498e                __addsf3x
 .text.avr-libc.fplib
                0x00004a34       0x2e c:/program files (x86)/atmel/atmel toolchain/avr8 gcc/native/3.4.1056/avr8-gnu-toolchain/bin/../lib/gcc/avr/4.8.1/../../../../avr/lib/avr51\libm.a(asin.o)
                0x00004a34                asin
 .text.avr-libc.fplib
                0x00004a62       0x74 c:/program files (x86)/atmel/atmel toolchain/avr8 gcc/native/3.4.1056/avr8-gnu-toolchain/bin/../lib/gcc/avr/4.8.1/../../../../avr/lib/avr51\libm.a(atan2.o)
                0x00004a80                atan2
 .text.avr-libc.fplib
                0x00004ad6       0x50 c:/program files (x86)/atmel/atmel toolchain/avr8 gcc/native/3.4.1056/avr8-gnu-toolchain/bin/../lib/gcc/avr/4.8.1/../../../../avr/lib/avr51\libm.a(atan.o)
                0x00004ad6                atan
 .text.avr-libc.fplib
                0x00004b26        0x8 c:/program files (x86)/atmel/atmel toolchain/avr8 gcc/native/3.4.1056/avr8-gnu-toolchain/bin/../lib/gcc/avr/4.8.1/../../../../avr/lib/avr51\libm.a(cmpsf2.o)
                0x00004b26                __nesf2
                0x00004b26                __eqsf2
                0x00004b26                __cmpsf2
                0x00004b26                __ltsf2
                0x00004b26                __lesf2
 .text.avr-libc.fplib
                0x00004b2e        0x6 c:/program files (x86)/atmel/atmel toolchain/avr8 gcc/native/3.4.1056/avr8-gnu-toolchain/bin/../lib/gcc/avr/4.8.1/../../../../avr/lib/avr51\libm.a(cos.o)
                0x00004b2e                cos
 .text.avr-libc.fplib
                0x00004b34        0x4 c:/program files (x86)/atmel/atmel toolchain/avr8 gcc/native/3.4.1056/avr8-gnu-toolchain/bin/../lib/gcc/avr/4.8.1/../../../../avr/lib/avr51\libm.a(divsf3.o)
                0x00004b34                __divsf3
 .text.avr-libc.fplib
                0x00004b38       0xcc c:/program files (x86)/atmel/atmel toolchain/avr8 gcc/native/3.4.1056/avr8-gnu-toolchain/bin/../lib/gcc/avr/4.8.1/../../../../avr/lib/avr51\libm.a(divsf3x.o)
                0x00004b4e                __divsf3x
                0x00004b52                __divsf3_pse
 .text.avr-libc.fplib
                0x00004c04        0xa c:/program files (x86)/atmel/atmel toolchain/avr8 gcc/native/3.4.1056/avr8-gnu-toolchain/bin/../lib/gcc/avr/4.8.1/../../../../avr/lib/avr51\libm.a(fixsfsi.o)
                0x00004c04                __fixsfsi
 .text.avr-libc.fplib
                0x00004c0e       0x58 c:/program files (x86)/atmel/atmel toolchain/avr8 gcc/native/3.4.1056/avr8-gnu-toolchain/bin/../lib/gcc/avr/4.8.1/../../../../avr/lib/avr51\libm.a(fixunssfsi.o)
                0x00004c0e                __fixunssfsi
 .text.avr-libc.fplib
                0x00004c66       0x7a c:/program files (x86)/atmel/atmel toolchain/avr8 gcc/native/3.4.1056/avr8-gnu-toolchain/bin/../lib/gcc/avr/4.8.1/../../../../avr/lib/avr51\libm.a(floatsisf.o)
                0x00004c66                __floatunsisf
                0x00004c6a                __floatsisf
 .text.avr-libc.fplib
                0x00004ce0       0x7c c:/program files (x86)/atmel/atmel toolchain/avr8 gcc/native/3.4.1056/avr8-gnu-toolchain/bin/../lib/gcc/avr/4.8.1/../../../../avr/lib/avr51\libm.a(floatundisf.o)
                0x00004ce0                __floatundisf
                0x00004ce2                __fp_di2sf
 .text.avr-libc.fplib
                0x00004d5c       0x36 c:/program files (x86)/atmel/atmel toolchain/avr8 gcc/native/3.4.1056/avr8-gnu-toolchain/bin/../lib/gcc/avr/4.8.1/../../../../avr/lib/avr51\libm.a(fp_arccos.o)
                0x00004d5c                __fp_arccos
 .text.avr-libc.fplib
                0x00004d92       0x48 c:/program files (x86)/atmel/atmel toolchain/avr8 gcc/native/3.4.1056/avr8-gnu-toolchain/bin/../lib/gcc/avr/4.8.1/../../../../avr/lib/avr51\libm.a(fp_cmp.o)
                0x00004d92                __fp_cmp
 .text.avr-libc.fplib
                0x00004dda        0xc c:/program files (x86)/atmel/atmel toolchain/avr8 gcc/native/3.4.1056/avr8-gnu-toolchain/bin/../lib/gcc/avr/4.8.1/../../../../avr/lib/avr51\libm.a(fp_inf.o)
                0x00004dda                __fp_inf
 .text.avr-libc.fplib
                0x00004de6        0x6 c:/program files (x86)/atmel/atmel toolchain/avr8 gcc/native/3.4.1056/avr8-gnu-toolchain/bin/../lib/gcc/avr/4.8.1/../../../../avr/lib/avr51\libm.a(fp_nan.o)
                0x00004de6                __fp_nan
 .text.avr-libc.fplib
                0x00004dec       0x4a c:/program files (x86)/atmel/atmel toolchain/avr8 gcc/native/3.4.1056/avr8-gnu-toolchain/bin/../lib/gcc/avr/4.8.1/../../../../avr/lib/avr51\libm.a(fp_powser.o)
                0x00004dec                __fp_powser
 .text.avr-libc.fplib
                0x00004e36       0x22 c:/program files (x86)/atmel/atmel toolchain/avr8 gcc/native/3.4.1056/avr8-gnu-toolchain/bin/../lib/gcc/avr/4.8.1/../../../../avr/lib/avr51\libm.a(fp_powsodd.o)
                0x00004e36                __fp_powsodd
 .text.avr-libc.fplib
                0x00004e58        0xe c:/program files (x86)/atmel/atmel toolchain/avr8 gcc/native/3.4.1056/avr8-gnu-toolchain/bin/../lib/gcc/avr/4.8.1/../../../../avr/lib/avr51\libm.a(fp_pscA.o)
                0x00004e58                __fp_pscA
 .text.avr-libc.fplib
                0x00004e66        0xe c:/program files (x86)/atmel/atmel toolchain/avr8 gcc/native/3.4.1056/avr8-gnu-toolchain/bin/../lib/gcc/avr/4.8.1/../../../../avr/lib/avr51\libm.a(fp_pscB.o)
                0x00004e66                __fp_pscB
 .text.avr-libc.fplib
                0x00004e74       0x50 c:/program files (x86)/atmel/atmel toolchain/avr8 gcc/native/3.4.1056/avr8-gnu-toolchain/bin/../lib/gcc/avr/4.8.1/../../../../avr/lib/avr51\libm.a(fp_rempio2.o)
                0x00004e76                __fp_rempio2
 .text.avr-libc.fplib
                0x00004ec4       0x22 c:/program files (x86)/atmel/atmel toolchain/avr8 gcc/native/3.4.1056/avr8-gnu-toolchain/bin/../lib/gcc/avr/4.8.1/../../../../avr/lib/avr51\libm.a(fp_round.o)
                0x00004ec4                __fp_round
 .text.avr-libc.fplib
                0x00004ee6       0x22 c:/program files (x86)/atmel/atmel toolchain/avr8 gcc/native/3.4.1056/avr8-gnu-toolchain/bin/../lib/gcc/avr/4.8.1/../../../../avr/lib/avr51\libm.a(fp_sinus.o)
                0x00004ee6                __fp_sinus
 .text.avr-libc.fplib
                0x00004f08       0x44 c:/program files (x86)/atmel/atmel toolchain/avr8 gcc/native/3.4.1056/avr8-gnu-toolchain/bin/../lib/gcc/avr/4.8.1/../../../../avr/lib/avr51\libm.a(fp_split3.o)
                0x00004f08                __fp_split3
                0x00004f18                __fp_splitA
 .text.avr-libc.fplib
                0x00004f4c        0xe c:/program files (x86)/atmel/atmel toolchain/avr8 gcc/native/3.4.1056/avr8-gnu-toolchain/bin/../lib/gcc/avr/4.8.1/../../../../avr/lib/avr51\libm.a(fp_zero.o)
                0x00004f4c                __fp_zero
                0x00004f4e                __fp_szero
 .text.avr-libc.fplib
                0x00004f5a        0x8 c:/program files (x86)/atmel/atmel toolchain/avr8 gcc/native/3.4.1056/avr8-gnu-toolchain/bin/../lib/gcc/avr/4.8.1/../../../../avr/lib/avr51\libm.a(gesf2.o)
                0x00004f5a                __gesf2
                0x00004f5a                __gtsf2
 .text.avr-libc.fplib
                0x00004f62        0xe c:/program files (x86)/atmel/atmel toolchain/avr8 gcc/native/3.4.1056/avr8-gnu-toolchain/bin/../lib/gcc/avr/4.8.1/../../../../avr/lib/avr51\libm.a(inverse.o)
                0x00004f62                inverse
 .text.avr-libc.fplib
                0x00004f70        0x4 c:/program files (x86)/atmel/atmel toolchain/avr8 gcc/native/3.4.1056/avr8-gnu-toolchain/bin/../lib/gcc/avr/4.8.1/../../../../avr/lib/avr51\libm.a(mulsf3.o)
                0x00004f70                __mulsf3
 .text.avr-libc.fplib
                0x00004f74       0xc2 c:/program files (x86)/atmel/atmel toolchain/avr8 gcc/native/3.4.1056/avr8-gnu-toolchain/bin/../lib/gcc/avr/4.8.1/../../../../avr/lib/avr51\libm.a(mulsf3x.o)
                0x00004f88                __mulsf3x
                0x00004f8c                __mulsf3_pse
 .text.avr-libc.fplib
                0x00005036       0x98 c:/program files (x86)/atmel/atmel toolchain/avr8 gcc/native/3.4.1056/avr8-gnu-toolchain/bin/../lib/gcc/avr/4.8.1/../../../../avr/lib/avr51\libm.a(pow.o)
                0x00005036                pow
 .text.avr-libc.fplib
                0x000050ce        0xc c:/program files (x86)/atmel/atmel toolchain/avr8 gcc/native/3.4.1056/avr8-gnu-toolchain/bin/../lib/gcc/avr/4.8.1/../../../../avr/lib/avr51\libm.a(sin.o)
                0x000050ce                sin
 .text.avr-libc.fplib
                0x000050da       0x84 c:/program files (x86)/atmel/atmel toolchain/avr8 gcc/native/3.4.1056/avr8-gnu-toolchain/bin/../lib/gcc/avr/4.8.1/../../../../avr/lib/avr51\libm.a(sqrt.o)
                0x000050e2                sqrt
 .text.avr-libc.fplib
                0x0000515e        0x6 c:/program files (x86)/atmel/atmel toolchain/avr8 gcc/native/3.4.1056/avr8-gnu-toolchain/bin/../lib/gcc/avr/4.8.1/../../../../avr/lib/avr51\libm.a(square.o)
                0x0000515e                square
 .text.avr-libc.fplib
                0x00005164       0x62 c:/program files (x86)/atmel/atmel toolchain/avr8 gcc/native/3.4.1056/avr8-gnu-toolchain/bin/../lib/gcc/avr/4.8.1/../../../../avr/lib/avr51\libm.a(exp.o)
                0x0000516e                exp
 .text.avr-libc.fplib
                0x000051c6       0x1c c:/program files (x86)/atmel/atmel toolchain/avr8 gcc/native/3.4.1056/avr8-gnu-toolchain/bin/../lib/gcc/avr/4.8.1/../../../../avr/lib/avr51\libm.a(fp_mpack.o)
                0x000051c6                __fp_mpack
                0x000051ca                __fp_mpack_finite
 .text.avr-libc.fplib
                0x000051e2        0xe c:/program files (x86)/atmel/atmel toolchain/avr8 gcc/native/3.4.1056/avr8-gnu-toolchain/bin/../lib/gcc/avr/4.8.1/../../../../avr/lib/avr51\libm.a(fp_norm2.o)
                0x000051e2                __fp_norm2
 .text.avr-libc.fplib
                0x000051f0       0x6c c:/program files (x86)/atmel/atmel toolchain/avr8 gcc/native/3.4.1056/avr8-gnu-toolchain/bin/../lib/gcc/avr/4.8.1/../../../../avr/lib/avr51\libm.a(ldexp.o)
                0x000051f4                ldexp
 .text.avr-libc.fplib
                0x0000525c       0x8a c:/program files (x86)/atmel/atmel toolchain/avr8 gcc/native/3.4.1056/avr8-gnu-toolchain/bin/../lib/gcc/avr/4.8.1/../../../../avr/lib/avr51\libm.a(log.o)
                0x00005266                log
 .text.avr-libc.fplib
                0x000052e6       0x66 c:/program files (x86)/atmel/atmel toolchain/avr8 gcc/native/3.4.1056/avr8-gnu-toolchain/bin/../lib/gcc/avr/4.8.1/../../../../avr/lib/avr51\libm.a(modf.o)
                0x000052e6                modf
                0x000052e6                modff
 .text.libgcc.mul
                0x0000534c       0x4e c:/program files (x86)/atmel/atmel toolchain/avr8 gcc/native/3.4.1056/avr8-gnu-toolchain/bin/../lib/gcc/avr/4.8.1/avr51\libgcc.a(_umulsidi3.o)
                0x0000534c                __umulsidi3
                0x0000534e                __umulsidi3_helper
 .text.libgcc.builtins
                0x0000539a       0x32 c:/program files (x86)/atmel/atmel toolchain/avr8 gcc/native/3.4.1056/avr8-gnu-toolchain/bin/../lib/gcc/avr/4.8.1/avr51\libgcc.a(_ashldi3.o)
                0x0000539a                __ashldi3
 .text.libgcc   0x000053cc       0x12 c:/program files (x86)/atmel/atmel toolchain/avr8 gcc/native/3.4.1056/avr8-gnu-toolchain/bin/../lib/gcc/avr/4.8.1/avr51\libgcc.a(_adddi3.o)
                0x000053cc                __adddi3
 .text.libgcc   0x000053de       0x18 c:/program files (x86)/atmel/atmel toolchain/avr8 gcc/native/3.4.1056/avr8-gnu-toolchain/bin/../lib/gcc/avr/4.8.1/avr51\libgcc.a(_adddi3_s8.o)
                0x000053de                __adddi3_s8
 .text.libgcc   0x000053f6       0x12 c:/program files (x86)/atmel/atmel toolchain/avr8 gcc/native/3.4.1056/avr8-gnu-toolchain/bin/../lib/gcc/avr/4.8.1/avr51\libgcc.a(_subdi3.o)
                0x000053f6                __subdi3
 .text.libgcc.mul
                0x00005408       0x1e c:/program files (x86)/atmel/atmel toolchain/avr8 gcc/native/3.4.1056/avr8-gnu-toolchain/bin/../lib/gcc/avr/4.8.1/avr51\libgcc.a(_umulhisi3.o)
                0x00005408                __umulhisi3
 .text.libgcc.mul
                0x00005426       0x10 c:/program files (x86)/atmel/atmel toolchain/avr8 gcc/native/3.4.1056/avr8-gnu-toolchain/bin/../lib/gcc/avr/4.8.1/avr51\libgcc.a(_muldi3_6.o)
                0x00005426                __muldi3_6
                0x00005436                . = ALIGN (0x2)
 *(.fini9)
 .fini9         0x00005436        0x0 c:/program files (x86)/atmel/atmel toolchain/avr8 gcc/native/3.4.1056/avr8-gnu-toolchain/bin/../lib/gcc/avr/4.8.1/avr51\libgcc.a(_exit.o)
                0x00005436                _exit
                0x00005436                exit
 *(.fini9)
 *(.fini8)
 *(.fini8)
 *(.fini7)
 *(.fini7)
 *(.fini6)
 *(.fini6)
 *(.fini5)
 *(.fini5)
 *(.fini4)
 *(.fini4)
 *(.fini3)
 *(.fini3)
 *(.fini2)
 *(.fini2)
 *(.fini1)
 *(.fini1)
 *(.fini0)
 .fini0         0x00005436        0x4 c:/program files (x86)/atmel/atmel toolchain/avr8 gcc/native/3.4.1056/avr8-gnu-toolchain/bin/../lib/gcc/avr/4.8.1/avr51\libgcc.a(_exit.o)
 *(.fini0)
                0x0000543a                _etext = .

.data           0x00800100       0x60 load address 0x0000543a
                0x00800100                PROVIDE (__data_start, .)
 *(.data)
 .data          0x00800100        0x0 c:/program files (x86)/atmel/atmel toolchain/avr8 gcc/native/3.4.1056/avr8-gnu-toolchain/bin/../lib/gcc/avr/4.8.1/../../../../avr/lib/avr51/crtm128.o
 .data          0x00800100        0x0 controller.o
 .data          0x00800100        0x0 frame.o
 .data          0x00800100        0x0 gps.o
 .data          0x00800100        0x0 hm.o
 .data          0x00800100        0x0 igrf.o
 .data          0x00800100        0x0 mag.o
 .data          0x00800100        0x0 master.o
 .data          0x00800100        0x0 mathutil.o
 .data          0x00800100        0x0 peripherals.o
 .data          0x00800100        0x0 propagator.o
 .data          0x00800100        0x0 quest.o
 .data          0x00800100        0x0 spi.o
 .data          0x00800100        0x0 sun.o
 .data          0x00800100        0x0 timer.o
 .data          0x00800100        0x0 twi.o
 .data          0x00800100        0x0 uart.o
 .data          0x00800100        0x0 c:/program files (x86)/atmel/atmel toolchain/avr8 gcc/native/3.4.1056/avr8-gnu-toolchain/bin/../lib/gcc/avr/4.8.1/../../../../avr/lib/avr51\libm.a(acos.o)
 .data          0x00800100        0x0 c:/program files (x86)/atmel/atmel toolchain/avr8 gcc/native/3.4.1056/avr8-gnu-toolchain/bin/../lib/gcc/avr/4.8.1/../../../../avr/lib/avr51\libm.a(addsf3.o)
 .data          0x00800100        0x0 c:/program files (x86)/atmel/atmel toolchain/avr8 gcc/native/3.4.1056/avr8-gnu-toolchain/bin/../lib/gcc/avr/4.8.1/../../../../avr/lib/avr51\libm.a(addsf3x.o)
 .data          0x00800100        0x0 c:/program files (x86)/atmel/atmel toolchain/avr8 gcc/native/3.4.1056/avr8-gnu-toolchain/bin/../lib/gcc/avr/4.8.1/../../../../avr/lib/avr51\libm.a(asin.o)
 .data          0x00800100        0x0 c:/program files (x86)/atmel/atmel toolchain/avr8 gcc/native/3.4.1056/avr8-gnu-toolchain/bin/../lib/gcc/avr/4.8.1/../../../../avr/lib/avr51\libm.a(atan2.o)
 .data          0x00800100        0x0 c:/program files (x86)/atmel/atmel toolchain/avr8 gcc/native/3.4.1056/avr8-gnu-toolchain/bin/../lib/gcc/avr/4.8.1/../../../../avr/lib/avr51\libm.a(atan.o)
 .data          0x00800100        0x0 c:/program files (x86)/atmel/atmel toolchain/avr8 gcc/native/3.4.1056/avr8-gnu-toolchain/bin/../lib/gcc/avr/4.8.1/../../../../avr/lib/avr51\libm.a(cmpsf2.o)
 .data          0x00800100        0x0 c:/program files (x86)/atmel/atmel toolchain/avr8 gcc/native/3.4.1056/avr8-gnu-toolchain/bin/../lib/gcc/avr/4.8.1/../../../../avr/lib/avr51\libm.a(cos.o)
 .data          0x00800100        0x0 c:/program files (x86)/atmel/atmel toolchain/avr8 gcc/native/3.4.1056/avr8-gnu-toolchain/bin/../lib/gcc/avr/4.8.1/../../../../avr/lib/avr51\libm.a(divsf3.o)
 .data          0x00800100        0x0 c:/program files (x86)/atmel/atmel toolchain/avr8 gcc/native/3.4.1056/avr8-gnu-toolchain/bin/../lib/gcc/avr/4.8.1/../../../../avr/lib/avr51\libm.a(divsf3x.o)
 .data          0x00800100        0x0 c:/program files (x86)/atmel/atmel toolchain/avr8 gcc/native/3.4.1056/avr8-gnu-toolchain/bin/../lib/gcc/avr/4.8.1/../../../../avr/lib/avr51\libm.a(fixsfsi.o)
 .data          0x00800100        0x0 c:/program files (x86)/atmel/atmel toolchain/avr8 gcc/native/3.4.1056/avr8-gnu-toolchain/bin/../lib/gcc/avr/4.8.1/../../../../avr/lib/avr51\libm.a(fixunssfsi.o)
 .data          0x00800100        0x0 c:/program files (x86)/atmel/atmel toolchain/avr8 gcc/native/3.4.1056/avr8-gnu-toolchain/bin/../lib/gcc/avr/4.8.1/../../../../avr/lib/avr51\libm.a(floatsisf.o)
 .data          0x00800100        0x0 c:/program files (x86)/atmel/atmel toolchain/avr8 gcc/native/3.4.1056/avr8-gnu-toolchain/bin/../lib/gcc/avr/4.8.1/../../../../avr/lib/avr51\libm.a(floatundisf.o)
 .data          0x00800100        0x0 c:/program files (x86)/atmel/atmel toolchain/avr8 gcc/native/3.4.1056/avr8-gnu-toolchain/bin/../lib/gcc/avr/4.8.1/../../../../avr/lib/avr51\libm.a(fp_arccos.o)
 .data          0x00800100        0x0 c:/program files (x86)/atmel/atmel toolchain/avr8 gcc/native/3.4.1056/avr8-gnu-toolchain/bin/../lib/gcc/avr/4.8.1/../../../../avr/lib/avr51\libm.a(fp_cmp.o)
 .data          0x00800100        0x0 c:/program files (x86)/atmel/atmel toolchain/avr8 gcc/native/3.4.1056/avr8-gnu-toolchain/bin/../lib/gcc/avr/4.8.1/../../../../avr/lib/avr51\libm.a(fp_inf.o)
 .data          0x00800100        0x0 c:/program files (x86)/atmel/atmel toolchain/avr8 gcc/native/3.4.1056/avr8-gnu-toolchain/bin/../lib/gcc/avr/4.8.1/../../../../avr/lib/avr51\libm.a(fp_nan.o)
 .data          0x00800100        0x0 c:/program files (x86)/atmel/atmel toolchain/avr8 gcc/native/3.4.1056/avr8-gnu-toolchain/bin/../lib/gcc/avr/4.8.1/../../../../avr/lib/avr51\libm.a(fp_powser.o)
 .data          0x00800100        0x0 c:/program files (x86)/atmel/atmel toolchain/avr8 gcc/native/3.4.1056/avr8-gnu-toolchain/bin/../lib/gcc/avr/4.8.1/../../../../avr/lib/avr51\libm.a(fp_powsodd.o)
 .data          0x00800100        0x0 c:/program files (x86)/atmel/atmel toolchain/avr8 gcc/native/3.4.1056/avr8-gnu-toolchain/bin/../lib/gcc/avr/4.8.1/../../../../avr/lib/avr51\libm.a(fp_pscA.o)
 .data          0x00800100        0x0 c:/program files (x86)/atmel/atmel toolchain/avr8 gcc/native/3.4.1056/avr8-gnu-toolchain/bin/../lib/gcc/avr/4.8.1/../../../../avr/lib/avr51\libm.a(fp_pscB.o)
 .data          0x00800100        0x0 c:/program files (x86)/atmel/atmel toolchain/avr8 gcc/native/3.4.1056/avr8-gnu-toolchain/bin/../lib/gcc/avr/4.8.1/../../../../avr/lib/avr51\libm.a(fp_rempio2.o)
 .data          0x00800100        0x0 c:/program files (x86)/atmel/atmel toolchain/avr8 gcc/native/3.4.1056/avr8-gnu-toolchain/bin/../lib/gcc/avr/4.8.1/../../../../avr/lib/avr51\libm.a(fp_round.o)
 .data          0x00800100        0x0 c:/program files (x86)/atmel/atmel toolchain/avr8 gcc/native/3.4.1056/avr8-gnu-toolchain/bin/../lib/gcc/avr/4.8.1/../../../../avr/lib/avr51\libm.a(fp_sinus.o)
 .data          0x00800100        0x0 c:/program files (x86)/atmel/atmel toolchain/avr8 gcc/native/3.4.1056/avr8-gnu-toolchain/bin/../lib/gcc/avr/4.8.1/../../../../avr/lib/avr51\libm.a(fp_split3.o)
 .data          0x00800100        0x0 c:/program files (x86)/atmel/atmel toolchain/avr8 gcc/native/3.4.1056/avr8-gnu-toolchain/bin/../lib/gcc/avr/4.8.1/../../../../avr/lib/avr51\libm.a(fp_zero.o)
 .data          0x00800100        0x0 c:/program files (x86)/atmel/atmel toolchain/avr8 gcc/native/3.4.1056/avr8-gnu-toolchain/bin/../lib/gcc/avr/4.8.1/../../../../avr/lib/avr51\libm.a(gesf2.o)
 .data          0x00800100        0x0 c:/program files (x86)/atmel/atmel toolchain/avr8 gcc/native/3.4.1056/avr8-gnu-toolchain/bin/../lib/gcc/avr/4.8.1/../../../../avr/lib/avr51\libm.a(inverse.o)
 .data          0x00800100        0x0 c:/program files (x86)/atmel/atmel toolchain/avr8 gcc/native/3.4.1056/avr8-gnu-toolchain/bin/../lib/gcc/avr/4.8.1/../../../../avr/lib/avr51\libm.a(mulsf3.o)
 .data          0x00800100        0x0 c:/program files (x86)/atmel/atmel toolchain/avr8 gcc/native/3.4.1056/avr8-gnu-toolchain/bin/../lib/gcc/avr/4.8.1/../../../../avr/lib/avr51\libm.a(mulsf3x.o)
 .data          0x00800100        0x0 c:/program files (x86)/atmel/atmel toolchain/avr8 gcc/native/3.4.1056/avr8-gnu-toolchain/bin/../lib/gcc/avr/4.8.1/../../../../avr/lib/avr51\libm.a(pow.o)
 .data          0x00800100        0x0 c:/program files (x86)/atmel/atmel toolchain/avr8 gcc/native/3.4.1056/avr8-gnu-toolchain/bin/../lib/gcc/avr/4.8.1/../../../../avr/lib/avr51\libm.a(sin.o)
 .data          0x00800100        0x0 c:/program files (x86)/atmel/atmel toolchain/avr8 gcc/native/3.4.1056/avr8-gnu-toolchain/bin/../lib/gcc/avr/4.8.1/../../../../avr/lib/avr51\libm.a(sqrt.o)
 .data          0x00800100        0x0 c:/program files (x86)/atmel/atmel toolchain/avr8 gcc/native/3.4.1056/avr8-gnu-toolchain/bin/../lib/gcc/avr/4.8.1/../../../../avr/lib/avr51\libm.a(square.o)
 .data          0x00800100        0x0 c:/program files (x86)/atmel/atmel toolchain/avr8 gcc/native/3.4.1056/avr8-gnu-toolchain/bin/../lib/gcc/avr/4.8.1/../../../../avr/lib/avr51\libm.a(exp.o)
 .data          0x00800100        0x0 c:/program files (x86)/atmel/atmel toolchain/avr8 gcc/native/3.4.1056/avr8-gnu-toolchain/bin/../lib/gcc/avr/4.8.1/../../../../avr/lib/avr51\libm.a(fp_mpack.o)
 .data          0x00800100        0x0 c:/program files (x86)/atmel/atmel toolchain/avr8 gcc/native/3.4.1056/avr8-gnu-toolchain/bin/../lib/gcc/avr/4.8.1/../../../../avr/lib/avr51\libm.a(fp_norm2.o)
 .data          0x00800100        0x0 c:/program files (x86)/atmel/atmel toolchain/avr8 gcc/native/3.4.1056/avr8-gnu-toolchain/bin/../lib/gcc/avr/4.8.1/../../../../avr/lib/avr51\libm.a(ldexp.o)
 .data          0x00800100        0x0 c:/program files (x86)/atmel/atmel toolchain/avr8 gcc/native/3.4.1056/avr8-gnu-toolchain/bin/../lib/gcc/avr/4.8.1/../../../../avr/lib/avr51\libm.a(log.o)
 .data          0x00800100        0x0 c:/program files (x86)/atmel/atmel toolchain/avr8 gcc/native/3.4.1056/avr8-gnu-toolchain/bin/../lib/gcc/avr/4.8.1/../../../../avr/lib/avr51\libm.a(modf.o)
 .data          0x00800100        0x0 c:/program files (x86)/atmel/atmel toolchain/avr8 gcc/native/3.4.1056/avr8-gnu-toolchain/bin/../lib/gcc/avr/4.8.1/avr51\libgcc.a(_exit.o)
 .data          0x00800100        0x0 c:/program files (x86)/atmel/atmel toolchain/avr8 gcc/native/3.4.1056/avr8-gnu-toolchain/bin/../lib/gcc/avr/4.8.1/avr51\libgcc.a(_copy_data.o)
 .data          0x00800100        0x0 c:/program files (x86)/atmel/atmel toolchain/avr8 gcc/native/3.4.1056/avr8-gnu-toolchain/bin/../lib/gcc/avr/4.8.1/avr51\libgcc.a(_clear_bss.o)
 .data          0x00800100        0x0 c:/program files (x86)/atmel/atmel toolchain/avr8 gcc/native/3.4.1056/avr8-gnu-toolchain/bin/../lib/gcc/avr/4.8.1/avr51\libgcc.a(_umulsidi3.o)
 .data          0x00800100        0x0 c:/program files (x86)/atmel/atmel toolchain/avr8 gcc/native/3.4.1056/avr8-gnu-toolchain/bin/../lib/gcc/avr/4.8.1/avr51\libgcc.a(_udivdi3.o)
 .data          0x00800100        0x0 c:/program files (x86)/atmel/atmel toolchain/avr8 gcc/native/3.4.1056/avr8-gnu-toolchain/bin/../lib/gcc/avr/4.8.1/avr51\libgcc.a(_udivmod64.o)
 .data          0x00800100        0x0 c:/program files (x86)/atmel/atmel toolchain/avr8 gcc/native/3.4.1056/avr8-gnu-toolchain/bin/../lib/gcc/avr/4.8.1/avr51\libgcc.a(_ashldi3.o)
 .data          0x00800100        0x0 c:/program files (x86)/atmel/atmel toolchain/avr8 gcc/native/3.4.1056/avr8-gnu-toolchain/bin/../lib/gcc/avr/4.8.1/avr51\libgcc.a(_adddi3.o)
 .data          0x00800100        0x0 c:/program files (x86)/atmel/atmel toolchain/avr8 gcc/native/3.4.1056/avr8-gnu-toolchain/bin/../lib/gcc/avr/4.8.1/avr51\libgcc.a(_adddi3_s8.o)
 .data          0x00800100        0x0 c:/program files (x86)/atmel/atmel toolchain/avr8 gcc/native/3.4.1056/avr8-gnu-toolchain/bin/../lib/gcc/avr/4.8.1/avr51\libgcc.a(_subdi3.o)
 .data          0x00800100        0x0 c:/program files (x86)/atmel/atmel toolchain/avr8 gcc/native/3.4.1056/avr8-gnu-toolchain/bin/../lib/gcc/avr/4.8.1/avr51\libgcc.a(_cmpdi2_s8.o)
 .data          0x00800100        0x0 c:/program files (x86)/atmel/atmel toolchain/avr8 gcc/native/3.4.1056/avr8-gnu-toolchain/bin/../lib/gcc/avr/4.8.1/avr51\libgcc.a(_umulhisi3.o)
 .data          0x00800100        0x0 c:/program files (x86)/atmel/atmel toolchain/avr8 gcc/native/3.4.1056/avr8-gnu-toolchain/bin/../lib/gcc/avr/4.8.1/avr51\libgcc.a(_muldi3_6.o)
 .data          0x00800100        0x0 c:/program files (x86)/atmel/atmel toolchain/avr8 gcc/native/3.4.1056/avr8-gnu-toolchain/bin/../lib/gcc/avr/4.8.1/../../../../avr/lib/avr51\libc.a(sprintf.o)
 .data          0x00800100        0x0 c:/program files (x86)/atmel/atmel toolchain/avr8 gcc/native/3.4.1056/avr8-gnu-toolchain/bin/../lib/gcc/avr/4.8.1/../../../../avr/lib/avr51\libc.a(vfprintf_std.o)
 .data          0x00800100        0x0 c:/program files (x86)/atmel/atmel toolchain/avr8 gcc/native/3.4.1056/avr8-gnu-toolchain/bin/../lib/gcc/avr/4.8.1/../../../../avr/lib/avr51\libc.a(strnlen_P.o)
 .data          0x00800100        0x0 c:/program files (x86)/atmel/atmel toolchain/avr8 gcc/native/3.4.1056/avr8-gnu-toolchain/bin/../lib/gcc/avr/4.8.1/../../../../avr/lib/avr51\libc.a(strnlen.o)
 .data          0x00800100        0x0 c:/program files (x86)/atmel/atmel toolchain/avr8 gcc/native/3.4.1056/avr8-gnu-toolchain/bin/../lib/gcc/avr/4.8.1/../../../../avr/lib/avr51\libc.a(fputc.o)
 .data          0x00800100        0x0 c:/program files (x86)/atmel/atmel toolchain/avr8 gcc/native/3.4.1056/avr8-gnu-toolchain/bin/../lib/gcc/avr/4.8.1/../../../../avr/lib/avr51\libc.a(ultoa_invert.o)
 *(.data*)
 .data.w_ctrl   0x00800100        0x1 controller.o
 .data.time     0x00800101        0x1 gps.o
 .data.geo      0x00800102        0x1 gps.o
 .data.dop      0x00800103        0x1 gps.o
 .data.vel      0x00800104        0x1 gps.o
 .data.pos      0x00800105        0x1 gps.o
 .data.GPS_done
                0x00800106        0x1 master.o
                0x00800106                GPS_done
 .data.light_prev.1986
                0x00800107        0x1 quest.o
 *(.rodata)
 *(.rodata*)
 .rodata.CSWTCH.8
                0x00800108       0x58 frame.o
 *(.gnu.linkonce.d*)
                0x00800160                . = ALIGN (0x2)
                0x00800160                _edata = .
                0x00800160                PROVIDE (__data_end, .)

.bss            0x00800160      0x329
                0x00800160                PROVIDE (__bss_start, .)
 *(.bss)
 *(.bss*)
 .bss.light     0x00800160        0x1 controller.o
 .bss.q_o       0x00800161       0x10 controller.o
 .bss.v_w       0x00800171        0xc controller.o
 .bss.v_B       0x0080017d        0xc controller.o
 .bss.message_end
                0x00800189        0x1 gps.o
 .bss.last_byte
                0x0080018a        0x1 gps.o
 .bss.buffer    0x0080018b        0x4 gps.o
 .bss.sl        0x0080018f       0x3c igrf.o
 .bss.cl        0x008001cb       0x3c igrf.o
 .bss.q         0x00800207       0xc8 igrf.o
 .bss.p         0x008002cf       0xc8 igrf.o
 .bss.v_v_ecef.2028
                0x00800397        0xc propagator.o
 .bss.v_r_ecef.2027
                0x008003a3        0xc propagator.o
 .bss.frtm      0x008003af        0x4 propagator.o
 .bss.v_v       0x008003b3        0xc propagator.o
 .bss.r_ecef_ash
                0x008003bf        0xc propagator.o
 .bss.v_r       0x008003cb        0xc propagator.o
 .bss.v_w_old.2037
                0x008003d7        0xc quest.o
 .bss.q_B_old.2031
                0x008003e3       0x10 quest.o
 .bss.time_since_light.1985
                0x008003f3        0x2 quest.o
 *(COMMON)
 COMMON         0x008003f5       0x10 frame.o
                0x008003f5                seconds_since_pivot
                0x008003fd                seconds_since_equinox
 COMMON         0x00800405       0x78 master.o
                0x00800405                Current_state
                0x00800474                Mode
                0x00800475                Time
 COMMON         0x0080047d        0xc propagator.o
                0x0080047d                v_sat
                0x00800489                PROVIDE (__bss_end, .)
                0x0000543a                __data_load_start = LOADADDR (.data)
                0x0000549a                __data_load_end = (__data_load_start + SIZEOF (.data))

.noinit         0x00800489        0x0
                0x00800489                PROVIDE (__noinit_start, .)
 *(.noinit*)
                0x00800489                PROVIDE (__noinit_end, .)
                0x00800489                _end = .
                0x00800489                PROVIDE (__heap_start, .)

.eeprom         0x00810000        0x0
 *(.eeprom*)
                0x00810000                __eeprom_end = .

.fuse
 *(.fuse)
 *(.lfuse)
 *(.hfuse)
 *(.efuse)

.lock
 *(.lock*)

.signature
 *(.signature*)

.user_signatures
 *(.user_signatures*)

.stab
 *(.stab)

.stabstr
 *(.stabstr)

.stab.excl
 *(.stab.excl)

.stab.exclstr
 *(.stab.exclstr)

.stab.index
 *(.stab.index)

.stab.indexstr
 *(.stab.indexstr)

.comment        0x00000000       0x5c
 *(.comment)
 .comment       0x00000000       0x30 controller.o
                                 0x31 (size before relaxing)
 .comment       0x00000000       0x31 frame.o
 .comment       0x00000000       0x31 gps.o
 .comment       0x00000000       0x31 hm.o
 .comment       0x00000000       0x31 igrf.o
 .comment       0x00000000       0x31 mag.o
 .comment       0x00000000       0x31 master.o
 .comment       0x00000000       0x31 mathutil.o
 .comment       0x00000000       0x31 peripherals.o
 .comment       0x00000000       0x31 propagator.o
 .comment       0x00000000       0x31 quest.o
 .comment       0x00000000       0x31 spi.o
 .comment       0x00000000       0x31 sun.o
 .comment       0x00000000       0x31 timer.o
 .comment       0x00000000       0x31 twi.o
 .comment       0x00000000       0x31 uart.o
 .comment       0x00000000       0x31 c:/program files (x86)/atmel/atmel toolchain/avr8 gcc/native/3.4.1056/avr8-gnu-toolchain/bin/../lib/gcc/avr/4.8.1/../../../../avr/lib/avr51\libc.a(sprintf.o)
 .comment       0x00000030       0x2c c:/program files (x86)/atmel/atmel toolchain/avr8 gcc/native/3.4.1056/avr8-gnu-toolchain/bin/../lib/gcc/avr/4.8.1/../../../../avr/lib/avr51\libc.a(vfprintf_std.o)
                                 0x2d (size before relaxing)
 .comment       0x00000000       0x31 c:/program files (x86)/atmel/atmel toolchain/avr8 gcc/native/3.4.1056/avr8-gnu-toolchain/bin/../lib/gcc/avr/4.8.1/../../../../avr/lib/avr51\libc.a(fputc.o)

.note.gnu.build-id
 *(.note.gnu.build-id)

.debug
 *(.debug)

.line
 *(.line)

.debug_srcinfo
 *(.debug_srcinfo)

.debug_sfnames
 *(.debug_sfnames)

.debug_aranges  0x00000000      0x3c0
 *(.debug_aranges)
 .debug_aranges
                0x00000000       0x38 controller.o
 .debug_aranges
                0x00000038       0x58 frame.o
 .debug_aranges
                0x00000090       0x28 gps.o
 .debug_aranges
                0x000000b8       0x28 hm.o
 .debug_aranges
                0x000000e0       0x20 igrf.o
 .debug_aranges
                0x00000100       0x40 mag.o
 .debug_aranges
                0x00000140       0x28 master.o
 .debug_aranges
                0x00000168       0x78 mathutil.o
 .debug_aranges
                0x000001e0       0x58 peripherals.o
 .debug_aranges
                0x00000238       0x40 propagator.o
 .debug_aranges
                0x00000278       0x28 quest.o
 .debug_aranges
                0x000002a0       0x40 spi.o
 .debug_aranges
                0x000002e0       0x28 sun.o
 .debug_aranges
                0x00000308       0x30 timer.o
 .debug_aranges
                0x00000338       0x30 twi.o
 .debug_aranges
                0x00000368       0x58 uart.o

.debug_pubnames
 *(.debug_pubnames)

.debug_info     0x00000000     0x5844
 *(.debug_info .gnu.linkonce.wi.*)
 .debug_info    0x00000000      0xa55 controller.o
 .debug_info    0x00000a55      0xcb2 frame.o
 .debug_info    0x00001707      0x46c gps.o
 .debug_info    0x00001b73      0x3df hm.o
 .debug_info    0x00001f52      0x4f9 igrf.o
 .debug_info    0x0000244b      0x65c mag.o
 .debug_info    0x00002aa7      0x4f8 master.o
 .debug_info    0x00002f9f      0x422 mathutil.o
 .debug_info    0x000033c1      0x47b peripherals.o
 .debug_info    0x0000383c      0xb53 propagator.o
 .debug_info    0x0000438f      0xaae quest.o
 .debug_info    0x00004e3d      0x149 spi.o
 .debug_info    0x00004f86      0x483 sun.o
 .debug_info    0x00005409       0xe4 timer.o
 .debug_info    0x000054ed      0x1b5 twi.o
 .debug_info    0x000056a2      0x1a2 uart.o

.debug_abbrev   0x00000000     0x166b
 *(.debug_abbrev)
 .debug_abbrev  0x00000000      0x1ed controller.o
 .debug_abbrev  0x000001ed      0x262 frame.o
 .debug_abbrev  0x0000044f      0x100 gps.o
 .debug_abbrev  0x0000054f      0x130 hm.o
 .debug_abbrev  0x0000067f      0x131 igrf.o
 .debug_abbrev  0x000007b0      0x224 mag.o
 .debug_abbrev  0x000009d4      0x1ac master.o
 .debug_abbrev  0x00000b80      0x14a mathutil.o
 .debug_abbrev  0x00000cca      0x101 peripherals.o
 .debug_abbrev  0x00000dcb      0x206 propagator.o
 .debug_abbrev  0x00000fd1      0x198 quest.o
 .debug_abbrev  0x00001169       0xca spi.o
 .debug_abbrev  0x00001233      0x180 sun.o
 .debug_abbrev  0x000013b3       0xaa timer.o
 .debug_abbrev  0x0000145d      0x123 twi.o
 .debug_abbrev  0x00001580       0xeb uart.o

.debug_line     0x00000000     0x256c
 *(.debug_line .debug_line.* .debug_line_end)
 .debug_line    0x00000000      0x3a3 controller.o
 .debug_line    0x000003a3      0x31a frame.o
 .debug_line    0x000006bd      0x369 gps.o
 .debug_line    0x00000a26       0xf8 hm.o
 .debug_line    0x00000b1e      0x28a igrf.o
 .debug_line    0x00000da8      0x2b1 mag.o
 .debug_line    0x00001059      0x1e7 master.o
 .debug_line    0x00001240      0x28e mathutil.o
 .debug_line    0x000014ce      0x226 peripherals.o
 .debug_line    0x000016f4      0x2b4 propagator.o
 .debug_line    0x000019a8      0x34c quest.o
 .debug_line    0x00001cf4      0x15b spi.o
 .debug_line    0x00001e4f      0x155 sun.o
 .debug_line    0x00001fa4      0x141 timer.o
 .debug_line    0x000020e5      0x280 twi.o
 .debug_line    0x00002365      0x207 uart.o

.debug_frame    0x00000000      0xe88
 *(.debug_frame)
 .debug_frame   0x00000000      0x188 controller.o
 .debug_frame   0x00000188      0x2d8 frame.o
 .debug_frame   0x00000460       0x58 gps.o
 .debug_frame   0x000004b8       0x40 hm.o
 .debug_frame   0x000004f8       0x84 igrf.o
 .debug_frame   0x0000057c       0xc8 mag.o
 .debug_frame   0x00000644       0x5c master.o
 .debug_frame   0x000006a0      0x2cc mathutil.o
 .debug_frame   0x0000096c       0x94 peripherals.o
 .debug_frame   0x00000a00      0x1ac propagator.o
 .debug_frame   0x00000bac       0xfc quest.o
 .debug_frame   0x00000ca8       0x64 spi.o
 .debug_frame   0x00000d0c       0x54 sun.o
 .debug_frame   0x00000d60       0x44 timer.o
 .debug_frame   0x00000da4       0x44 twi.o
 .debug_frame   0x00000de8       0xa0 uart.o

.debug_str      0x00000000      0xa7c
 *(.debug_str)
 .debug_str     0x00000000      0x3b8 controller.o
                                0x437 (size before relaxing)
 .debug_str     0x000003b8      0x139 frame.o
                                0x3fd (size before relaxing)
 .debug_str     0x000004f1       0x60 gps.o
                                0x2d2 (size before relaxing)
 .debug_str     0x00000551       0x46 hm.o
                                0x2a5 (size before relaxing)
 .debug_str     0x00000597       0x4e igrf.o
                                0x1d2 (size before relaxing)
 .debug_str     0x000005e5       0x65 mag.o
                                0x2e5 (size before relaxing)
 .debug_str     0x0000064a       0x7c master.o
                                0x32c (size before relaxing)
 .debug_str     0x000006c6       0x86 mathutil.o
                                0x26f (size before relaxing)
 .debug_str     0x0000074c       0x71 peripherals.o
                                0x305 (size before relaxing)
 .debug_str     0x000007bd       0xbf propagator.o
                                0x465 (size before relaxing)
 .debug_str     0x0000087c       0xcd quest.o
                                0x410 (size before relaxing)
 .debug_str     0x00000949       0x59 spi.o
                                0x1ba (size before relaxing)
 .debug_str     0x000009a2       0x20 sun.o
                                0x2b1 (size before relaxing)
 .debug_str     0x000009c2       0x32 timer.o
                                0x194 (size before relaxing)
 .debug_str     0x000009f4       0x28 twi.o
                                0x1ce (size before relaxing)
 .debug_str     0x00000a1c       0x60 uart.o
                                0x1ec (size before relaxing)

.debug_loc      0x00000000     0x4312
 *(.debug_loc)
 .debug_loc     0x00000000      0x601 controller.o
 .debug_loc     0x00000601     0x1196 frame.o
 .debug_loc     0x00001797       0x70 gps.o
 .debug_loc     0x00001807       0x43 hm.o
 .debug_loc     0x0000184a      0xb6f igrf.o
 .debug_loc     0x000023b9      0x274 mag.o
 .debug_loc     0x0000262d       0x7d master.o
 .debug_loc     0x000026aa      0xbb2 mathutil.o
 .debug_loc     0x0000325c       0x42 peripherals.o
 .debug_loc     0x0000329e      0x5ef propagator.o
 .debug_loc     0x0000388d      0x739 quest.o
 .debug_loc     0x00003fc6       0xb3 spi.o
 .debug_loc     0x00004079       0xb2 sun.o
 .debug_loc     0x0000412b       0x26 timer.o
 .debug_loc     0x00004151      0x100 twi.o
 .debug_loc     0x00004251       0xc1 uart.o

.debug_macinfo
 *(.debug_macinfo)

.debug_weaknames
 *(.debug_weaknames)

.debug_funcnames
 *(.debug_funcnames)

.debug_typenames
 *(.debug_typenames)

.debug_varnames
 *(.debug_varnames)

.debug_pubtypes
 *(.debug_pubtypes)

.debug_ranges   0x00000000      0x2d8
 *(.debug_ranges)
 .debug_ranges  0x00000000       0x28 controller.o
 .debug_ranges  0x00000028       0x60 frame.o
 .debug_ranges  0x00000088       0x18 gps.o
 .debug_ranges  0x000000a0       0x18 hm.o
 .debug_ranges  0x000000b8       0x10 igrf.o
 .debug_ranges  0x000000c8       0x30 mag.o
 .debug_ranges  0x000000f8       0x18 master.o
 .debug_ranges  0x00000110       0x68 mathutil.o
 .debug_ranges  0x00000178       0x48 peripherals.o
 .debug_ranges  0x000001c0       0x30 propagator.o
 .debug_ranges  0x000001f0       0x18 quest.o
 .debug_ranges  0x00000208       0x30 spi.o
 .debug_ranges  0x00000238       0x18 sun.o
 .debug_ranges  0x00000250       0x20 timer.o
 .debug_ranges  0x00000270       0x20 twi.o
 .debug_ranges  0x00000290       0x48 uart.o

.debug_macro
 *(.debug_macro)
OUTPUT(nominal2.elf elf32-avr)
LOAD linker stubs
